EN ar_complete_counter NULL /home/edilson/projects_VHDL/antirebotes/AR_complete_counter.vhd sub00/vhpl04 1536455673
EN contador_test NULL /home/edilson/projects_VHDL/antirebotes/contador_test.vhd sub00/vhpl02 1536455671
AR ar_complete_counter behavioral /home/edilson/projects_VHDL/antirebotes/AR_complete_counter.vhd sub00/vhpl05 1536455674
AR module_ar behavioral /home/edilson/projects_VHDL/antirebotes/Module_AR.vhd sub00/vhpl01 1536455670
EN module_ar NULL /home/edilson/projects_VHDL/antirebotes/Module_AR.vhd sub00/vhpl00 1536455669
AR contador_test behavioral /home/edilson/projects_VHDL/antirebotes/contador_test.vhd sub00/vhpl03 1536455672
