V3 3
FL /home/edilson/projects_VHDL/Memory_Rom/ROM.vhd 2018/09/25.20:50:57 P.20131013
EN work/rams_21b 1537926675 FL /home/edilson/projects_VHDL/Memory_Rom/ROM.vhd \
      PB ieee/std_logic_1164 1381692176 PB ieee/STD_LOGIC_UNSIGNED 1381692179
AR work/rams_21b/syn 1537926676 \
      FL /home/edilson/projects_VHDL/Memory_Rom/ROM.vhd EN work/rams_21b 1537926675
